// Jest Snapshot v1, https://goo.gl/fbAQLP

exports[`can render a list of users 1`] = `
<div
  className="Page"
>
  <h1>
    Users
  </h1>
  <div
    className="Search"
  >
    <div
      className="TextField"
    >
      <label />
      <input
        onChange={[Function]}
        type="search"
      />
    </div>
    <button
      className="Button"
      onClick={[Function]}
      type="button"
    >
      search
    </button>
  </div>
  <div
    className="Card"
  >
    seanlarkin
  </div>
  <div
    className="Card"
  >
    mikebrocchi
  </div>
  <div
    className="Card"
  >
    alexkureev
  </div>
  <div
    className="Card"
  >
    balenterdi
  </div>
  <div
    className="Card"
  >
    jameslong
  </div>
</div>
`;
