// Jest Snapshot v1, https://goo.gl/fbAQLP

exports[`can render a Card 1`] = `
<div
  className="Card"
>
  <p>
    Here goes the card!
  </p>
</div>
`;
