// Jest Snapshot v1, https://goo.gl/fbAQLP

exports[`can render a Button 1`] = `
<button
  className="Button"
  onClick={[Function]}
  type="submit"
/>
`;
