// Jest Snapshot v1, https://goo.gl/fbAQLP

exports[`can render a TextField 1`] = `
<div
  className="TextField"
>
  <label
    htmlFor="example"
  >
    example
  </label>
  <input
    id="example"
    name="example"
    type="text"
    value="woohoo!"
  />
</div>
`;
